============================================================================================== 
Warning! Mixing Conda and module environments may lead to corruption of the
user environment. 
We do not recommend users mixing those two environments unless absolutely
necessary. Note that 
SURF does not provide any support for Conda environment.
For more information, please refer to our software policy page:
https://servicedesk.surf.nl/wiki/display/WIKI/Software+policy+Snellius#SoftwarepolicySnellius-UseofAnacondaandMinicondaenvironmentsonSnellius 

Remember that many packages have already been installed on the system and can
be loaded using 
the 'module load <package__name>' command. If you are uncertain if a package is
already available 
on the system, please use 'module avail' or 'module spider' to search for it.
============================================================================================== 
/var/spool/slurm/slurmd/job11167076/slurm_script: line 18: export: `=': not a valid identifier
/gpfs/home5/scur2570/lpn-env/lib64/python3.9/site-packages/networkx/utils/backends.py:135: RuntimeWarning: networkx backend defined more than once: nx-loopback
  backends.update(_get_backends("networkx.backends"))
[2025-04-14 14:36:25,885][jax._src.xla_bridge][INFO] - Unable to initialize backend 'rocm': module 'jaxlib.xla_extension' has no attribute 'GpuAllocatorConfig'
[2025-04-14 14:36:25,891][jax._src.xla_bridge][INFO] - Unable to initialize backend 'tpu': INTERNAL: Failed to open libtpu.so: libtpu.so: cannot open shared object file: No such file or directory
[2025-04-14 14:36:25,906][root][INFO] - All devices available: [cuda(id=0)]
wandb: Currently logged in as: alisia-baielli. Use `wandb login --relogin` to force relogin
wandb: wandb version 0.19.9 is available!  To upgrade, please run:
wandb:  $ pip install wandb --upgrade
wandb: Tracking run with wandb version 0.17.3
wandb: Run data is saved locally in /gpfs/home5/scur2570/lpn/wandb/run-20250414_143626-7zefysoz
wandb: Run `wandb offline` to turn off syncing.
wandb: Syncing run frosty-forest-1
wandb: ⭐️ View project at https://wandb.ai/alisia-baielli/ARC
wandb: 🚀 View run at https://wandb.ai/alisia-baielli/ARC/runs/7zefysoz
[2025-04-14 14:36:28,018][root][INFO] - Number of devices: 1
[2025-04-14 14:36:28,019][root][INFO] - Using a task generator for training.
2025-04-14 14:36:28.116703: W external/xla/xla/service/gpu/nvptx_compiler.cc:765] The NVIDIA driver's CUDA version is 12.7 which is older than the ptxas CUDA version (12.8.93). Because the driver is older than the ptxas version, XLA is disabling parallel compilation, which may slow down compilation. You should update your NVIDIA driver or use the NVIDIA-provided CUDA forward compatibility packages.
Generating dataset:   0% 0/48 [00:00<?, ?it/s]/gpfs/home5/scur2570/lpn-env/lib64/python3.9/site-packages/networkx/utils/backends.py:135: RuntimeWarning: networkx backend defined more than once: nx-loopback
  backends.update(_get_backends("networkx.backends"))
/gpfs/home5/scur2570/lpn-env/lib64/python3.9/site-packages/networkx/utils/backends.py:135: RuntimeWarning: networkx backend defined more than once: nx-loopback
  backends.update(_get_backends("networkx.backends"))
/gpfs/home5/scur2570/lpn-env/lib64/python3.9/site-packages/networkx/utils/backends.py:135: RuntimeWarning: networkx backend defined more than once: nx-loopback
  backends.update(_get_backends("networkx.backends"))
/gpfs/home5/scur2570/lpn-env/lib64/python3.9/site-packages/networkx/utils/backends.py:135: RuntimeWarning: networkx backend defined more than once: nx-loopback
  backends.update(_get_backends("networkx.backends"))
/gpfs/home5/scur2570/lpn-env/lib64/python3.9/site-packages/networkx/utils/backends.py:135: RuntimeWarning: networkx backend defined more than once: nx-loopback
  backends.update(_get_backends("networkx.backends"))
/gpfs/home5/scur2570/lpn-env/lib64/python3.9/site-packages/networkx/utils/backends.py:135: RuntimeWarning: networkx backend defined more than once: nx-loopback
  backends.update(_get_backends("networkx.backends"))
/gpfs/home5/scur2570/lpn-env/lib64/python3.9/site-packages/networkx/utils/backends.py:135: RuntimeWarning: networkx backend defined more than once: nx-loopback
  backends.update(_get_backends("networkx.backends"))
/gpfs/home5/scur2570/lpn-env/lib64/python3.9/site-packages/networkx/utils/backends.py:135: RuntimeWarning: networkx backend defined more than once: nx-loopback
  backends.update(_get_backends("networkx.backends"))
Generating dataset:   2% 1/48 [00:06<05:20,  6.82s/it]Generating dataset:  12% 6/48 [00:06<00:35,  1.17it/s]Generating dataset:  58% 28/48 [00:07<00:02,  7.35it/s]Generating dataset: 100% 48/48 [00:07<00:00,  6.75it/s]
Generating dataset:   0% 0/48 [00:00<?, ?it/s]/gpfs/home5/scur2570/lpn-env/lib64/python3.9/site-packages/networkx/utils/backends.py:135: RuntimeWarning: networkx backend defined more than once: nx-loopback
  backends.update(_get_backends("networkx.backends"))
/gpfs/home5/scur2570/lpn-env/lib64/python3.9/site-packages/networkx/utils/backends.py:135: RuntimeWarning: networkx backend defined more than once: nx-loopback
  backends.update(_get_backends("networkx.backends"))
/gpfs/home5/scur2570/lpn-env/lib64/python3.9/site-packages/networkx/utils/backends.py:135: RuntimeWarning: networkx backend defined more than once: nx-loopback
  backends.update(_get_backends("networkx.backends"))
/gpfs/home5/scur2570/lpn-env/lib64/python3.9/site-packages/networkx/utils/backends.py:135: RuntimeWarning: networkx backend defined more than once: nx-loopback
  backends.update(_get_backends("networkx.backends"))
/gpfs/home5/scur2570/lpn-env/lib64/python3.9/site-packages/networkx/utils/backends.py:135: RuntimeWarning: networkx backend defined more than once: nx-loopback
  backends.update(_get_backends("networkx.backends"))
/gpfs/home5/scur2570/lpn-env/lib64/python3.9/site-packages/networkx/utils/backends.py:135: RuntimeWarning: networkx backend defined more than once: nx-loopback
  backends.update(_get_backends("networkx.backends"))
/gpfs/home5/scur2570/lpn-env/lib64/python3.9/site-packages/networkx/utils/backends.py:135: RuntimeWarning: networkx backend defined more than once: nx-loopback
  backends.update(_get_backends("networkx.backends"))
/gpfs/home5/scur2570/lpn-env/lib64/python3.9/site-packages/networkx/utils/backends.py:135: RuntimeWarning: networkx backend defined more than once: nx-loopback
  backends.update(_get_backends("networkx.backends"))
Generating dataset:   2% 1/48 [00:05<04:28,  5.72s/it]Generating dataset:  12% 6/48 [00:05<00:30,  1.38it/s]Generating dataset:  58% 28/48 [00:05<00:02,  8.57it/s]Generating dataset: 100% 48/48 [00:06<00:00,  7.94it/s]
Generating dataset:   0% 0/48 [00:00<?, ?it/s]/gpfs/home5/scur2570/lpn-env/lib64/python3.9/site-packages/networkx/utils/backends.py:135: RuntimeWarning: networkx backend defined more than once: nx-loopback
  backends.update(_get_backends("networkx.backends"))
/gpfs/home5/scur2570/lpn-env/lib64/python3.9/site-packages/networkx/utils/backends.py:135: RuntimeWarning: networkx backend defined more than once: nx-loopback
  backends.update(_get_backends("networkx.backends"))
/gpfs/home5/scur2570/lpn-env/lib64/python3.9/site-packages/networkx/utils/backends.py:135: RuntimeWarning: networkx backend defined more than once: nx-loopback
  backends.update(_get_backends("networkx.backends"))
/gpfs/home5/scur2570/lpn-env/lib64/python3.9/site-packages/networkx/utils/backends.py:135: RuntimeWarning: networkx backend defined more than once: nx-loopback
  backends.update(_get_backends("networkx.backends"))
/gpfs/home5/scur2570/lpn-env/lib64/python3.9/site-packages/networkx/utils/backends.py:135: RuntimeWarning: networkx backend defined more than once: nx-loopback
  backends.update(_get_backends("networkx.backends"))
/gpfs/home5/scur2570/lpn-env/lib64/python3.9/site-packages/networkx/utils/backends.py:135: RuntimeWarning: networkx backend defined more than once: nx-loopback
  backends.update(_get_backends("networkx.backends"))
/gpfs/home5/scur2570/lpn-env/lib64/python3.9/site-packages/networkx/utils/backends.py:135: RuntimeWarning: networkx backend defined more than once: nx-loopback
  backends.update(_get_backends("networkx.backends"))
/gpfs/home5/scur2570/lpn-env/lib64/python3.9/site-packages/networkx/utils/backends.py:135: RuntimeWarning: networkx backend defined more than once: nx-loopback
  backends.update(_get_backends("networkx.backends"))
Generating dataset:   2% 1/48 [00:05<04:36,  5.87s/it]Generating dataset:  12% 6/48 [00:06<00:31,  1.34it/s]Generating dataset:  58% 28/48 [00:06<00:02,  8.37it/s]Generating dataset: 100% 48/48 [00:06<00:00,  7.74it/s]
[2025-04-14 14:37:07,521][root][INFO] - Starting training...
[2025-04-14 14:37:07,521][root][INFO] - Number of total parameters: 6,475,520
[2025-04-14 14:37:07,522][root][INFO] - Number of encoder parameters: 3,245,312
[2025-04-14 14:37:07,522][root][INFO] - Number of decoder parameters: 3,230,208
[2025-04-14 14:37:07,522][root][INFO] - Running on devices: [cuda(id=0)].
[2025-04-14 14:37:07,522][root][INFO] - Total number of gradient steps: 500,000.
[2025-04-14 14:37:07,522][root][INFO] - Total number of logs: 5,000.
[2025-04-14 14:37:07,522][root][INFO] - Logging every 100 gradient steps.
[2025-04-14 14:37:07,522][root][INFO] - Total number of evaluations: 50.
[2025-04-14 14:37:07,522][root][INFO] - Evaluating every 10,000 gradient steps.
[2025-04-14 14:37:07,522][root][INFO] - Total number of checkpoints: 50.
[2025-04-14 14:37:07,522][root][INFO] - Saving a checkpoint every 10,000 gradient steps.
  0% 0/500000 [00:00<?, ?it/s]/gpfs/home5/scur2570/lpn-env/lib64/python3.9/site-packages/torch/utils/data/dataloader.py:557: UserWarning: This DataLoader will create 64 worker processes in total. Our suggested max number of worker in current system is 18, which is smaller than what this DataLoader is going to create. Please be aware that excessive worker creation might get DataLoader running slow or even freeze, lower the worker number to avoid potential slowness/freeze if necessary.
  warnings.warn(_create_warning_msg(
/gpfs/home5/scur2570/lpn-env/lib64/python3.9/site-packages/networkx/utils/backends.py:135: RuntimeWarning: networkx backend defined more than once: nx-loopback
  backends.update(_get_backends("networkx.backends"))
/gpfs/home5/scur2570/lpn-env/lib64/python3.9/site-packages/networkx/utils/backends.py:135: RuntimeWarning: networkx backend defined more than once: nx-loopback
  backends.update(_get_backends("networkx.backends"))
/gpfs/home5/scur2570/lpn-env/lib64/python3.9/site-packages/networkx/utils/backends.py:135: RuntimeWarning: networkx backend defined more than once: nx-loopback
  backends.update(_get_backends("networkx.backends"))
/gpfs/home5/scur2570/lpn-env/lib64/python3.9/site-packages/networkx/utils/backends.py:135: RuntimeWarning: networkx backend defined more than once: nx-loopback
  backends.update(_get_backends("networkx.backends"))
/gpfs/home5/scur2570/lpn-env/lib64/python3.9/site-packages/networkx/utils/backends.py:135: RuntimeWarning: networkx backend defined more than once: nx-loopback
  backends.update(_get_backends("networkx.backends"))
/gpfs/home5/scur2570/lpn-env/lib64/python3.9/site-packages/networkx/utils/backends.py:135: RuntimeWarning: networkx backend defined more than once: nx-loopback
  backends.update(_get_backends("networkx.backends"))
/gpfs/home5/scur2570/lpn-env/lib64/python3.9/site-packages/networkx/utils/backends.py:135: RuntimeWarning: networkx backend defined more than once: nx-loopback
  backends.update(_get_backends("networkx.backends"))
/gpfs/home5/scur2570/lpn-env/lib64/python3.9/site-packages/networkx/utils/backends.py:135: RuntimeWarning: networkx backend defined more than once: nx-loopback
  backends.update(_get_backends("networkx.backends"))
/gpfs/home5/scur2570/lpn-env/lib64/python3.9/site-packages/networkx/utils/backends.py:135: RuntimeWarning: networkx backend defined more than once: nx-loopback
  backends.update(_get_backends("networkx.backends"))
/gpfs/home5/scur2570/lpn-env/lib64/python3.9/site-packages/networkx/utils/backends.py:135: RuntimeWarning: networkx backend defined more than once: nx-loopback
  backends.update(_get_backends("networkx.backends"))
/gpfs/home5/scur2570/lpn-env/lib64/python3.9/site-packages/networkx/utils/backends.py:135: RuntimeWarning: networkx backend defined more than once: nx-loopback
  backends.update(_get_backends("networkx.backends"))
/gpfs/home5/scur2570/lpn-env/lib64/python3.9/site-packages/networkx/utils/backends.py:135: RuntimeWarning: networkx backend defined more than once: nx-loopback
  backends.update(_get_backends("networkx.backends"))
/gpfs/home5/scur2570/lpn-env/lib64/python3.9/site-packages/networkx/utils/backends.py:135: RuntimeWarning: networkx backend defined more than once: nx-loopback
  backends.update(_get_backends("networkx.backends"))
/gpfs/home5/scur2570/lpn-env/lib64/python3.9/site-packages/networkx/utils/backends.py:135: RuntimeWarning: networkx backend defined more than once: nx-loopback
  backends.update(_get_backends("networkx.backends"))
/gpfs/home5/scur2570/lpn-env/lib64/python3.9/site-packages/networkx/utils/backends.py:135: RuntimeWarning: networkx backend defined more than once: nx-loopback
  backends.update(_get_backends("networkx.backends"))
/gpfs/home5/scur2570/lpn-env/lib64/python3.9/site-packages/networkx/utils/backends.py:135: RuntimeWarning: networkx backend defined more than once: nx-loopback
  backends.update(_get_backends("networkx.backends"))
/gpfs/home5/scur2570/lpn-env/lib64/python3.9/site-packages/networkx/utils/backends.py:135: RuntimeWarning: networkx backend defined more than once: nx-loopback
  backends.update(_get_backends("networkx.backends"))
/gpfs/home5/scur2570/lpn-env/lib64/python3.9/site-packages/networkx/utils/backends.py:135: RuntimeWarning: networkx backend defined more than once: nx-loopback
  backends.update(_get_backends("networkx.backends"))
/gpfs/home5/scur2570/lpn-env/lib64/python3.9/site-packages/networkx/utils/backends.py:135: RuntimeWarning: networkx backend defined more than once: nx-loopback
  backends.update(_get_backends("networkx.backends"))
/gpfs/home5/scur2570/lpn-env/lib64/python3.9/site-packages/networkx/utils/backends.py:135: RuntimeWarning: networkx backend defined more than once: nx-loopback
  backends.update(_get_backends("networkx.backends"))
/gpfs/home5/scur2570/lpn-env/lib64/python3.9/site-packages/networkx/utils/backends.py:135: RuntimeWarning: networkx backend defined more than once: nx-loopback
  backends.update(_get_backends("networkx.backends"))
/gpfs/home5/scur2570/lpn-env/lib64/python3.9/site-packages/networkx/utils/backends.py:135: RuntimeWarning: networkx backend defined more than once: nx-loopback
  backends.update(_get_backends("networkx.backends"))
/gpfs/home5/scur2570/lpn-env/lib64/python3.9/site-packages/networkx/utils/backends.py:135: RuntimeWarning: networkx backend defined more than once: nx-loopback
  backends.update(_get_backends("networkx.backends"))
/gpfs/home5/scur2570/lpn-env/lib64/python3.9/site-packages/networkx/utils/backends.py:135: RuntimeWarning: networkx backend defined more than once: nx-loopback
  backends.update(_get_backends("networkx.backends"))
/gpfs/home5/scur2570/lpn-env/lib64/python3.9/site-packages/networkx/utils/backends.py:135: RuntimeWarning: networkx backend defined more than once: nx-loopback
  backends.update(_get_backends("networkx.backends"))
/gpfs/home5/scur2570/lpn-env/lib64/python3.9/site-packages/networkx/utils/backends.py:135: RuntimeWarning: networkx backend defined more than once: nx-loopback
  backends.update(_get_backends("networkx.backends"))
/gpfs/home5/scur2570/lpn-env/lib64/python3.9/site-packages/networkx/utils/backends.py:135: RuntimeWarning: networkx backend defined more than once: nx-loopback
  backends.update(_get_backends("networkx.backends"))
/gpfs/home5/scur2570/lpn-env/lib64/python3.9/site-packages/networkx/utils/backends.py:135: RuntimeWarning: networkx backend defined more than once: nx-loopback
  backends.update(_get_backends("networkx.backends"))
/gpfs/home5/scur2570/lpn-env/lib64/python3.9/site-packages/networkx/utils/backends.py:135: RuntimeWarning: networkx backend defined more than once: nx-loopback
  backends.update(_get_backends("networkx.backends"))
/gpfs/home5/scur2570/lpn-env/lib64/python3.9/site-packages/networkx/utils/backends.py:135: RuntimeWarning: networkx backend defined more than once: nx-loopback
  backends.update(_get_backends("networkx.backends"))
/gpfs/home5/scur2570/lpn-env/lib64/python3.9/site-packages/networkx/utils/backends.py:135: RuntimeWarning: networkx backend defined more than once: nx-loopback
  backends.update(_get_backends("networkx.backends"))
/gpfs/home5/scur2570/lpn-env/lib64/python3.9/site-packages/networkx/utils/backends.py:135: RuntimeWarning: networkx backend defined more than once: nx-loopback
  backends.update(_get_backends("networkx.backends"))
/gpfs/home5/scur2570/lpn-env/lib64/python3.9/site-packages/networkx/utils/backends.py:135: RuntimeWarning: networkx backend defined more than once: nx-loopback
  backends.update(_get_backends("networkx.backends"))
/gpfs/home5/scur2570/lpn-env/lib64/python3.9/site-packages/networkx/utils/backends.py:135: RuntimeWarning: networkx backend defined more than once: nx-loopback
  backends.update(_get_backends("networkx.backends"))
/gpfs/home5/scur2570/lpn-env/lib64/python3.9/site-packages/networkx/utils/backends.py:135: RuntimeWarning: networkx backend defined more than once: nx-loopback
  backends.update(_get_backends("networkx.backends"))
/gpfs/home5/scur2570/lpn-env/lib64/python3.9/site-packages/networkx/utils/backends.py:135: RuntimeWarning: networkx backend defined more than once: nx-loopback
  backends.update(_get_backends("networkx.backends"))
/gpfs/home5/scur2570/lpn-env/lib64/python3.9/site-packages/networkx/utils/backends.py:135: RuntimeWarning: networkx backend defined more than once: nx-loopback
  backends.update(_get_backends("networkx.backends"))
/gpfs/home5/scur2570/lpn-env/lib64/python3.9/site-packages/networkx/utils/backends.py:135: RuntimeWarning: networkx backend defined more than once: nx-loopback
  backends.update(_get_backends("networkx.backends"))
/gpfs/home5/scur2570/lpn-env/lib64/python3.9/site-packages/networkx/utils/backends.py:135: RuntimeWarning: networkx backend defined more than once: nx-loopback
  backends.update(_get_backends("networkx.backends"))
/gpfs/home5/scur2570/lpn-env/lib64/python3.9/site-packages/networkx/utils/backends.py:135: RuntimeWarning: networkx backend defined more than once: nx-loopback
  backends.update(_get_backends("networkx.backends"))
/gpfs/home5/scur2570/lpn-env/lib64/python3.9/site-packages/networkx/utils/backends.py:135: RuntimeWarning: networkx backend defined more than once: nx-loopback
  backends.update(_get_backends("networkx.backends"))
/gpfs/home5/scur2570/lpn-env/lib64/python3.9/site-packages/networkx/utils/backends.py:135: RuntimeWarning: networkx backend defined more than once: nx-loopback
  backends.update(_get_backends("networkx.backends"))
/gpfs/home5/scur2570/lpn-env/lib64/python3.9/site-packages/networkx/utils/backends.py:135: RuntimeWarning: networkx backend defined more than once: nx-loopback
  backends.update(_get_backends("networkx.backends"))
/gpfs/home5/scur2570/lpn-env/lib64/python3.9/site-packages/networkx/utils/backends.py:135: RuntimeWarning: networkx backend defined more than once: nx-loopback
  backends.update(_get_backends("networkx.backends"))
/gpfs/home5/scur2570/lpn-env/lib64/python3.9/site-packages/networkx/utils/backends.py:135: RuntimeWarning: networkx backend defined more than once: nx-loopback
  backends.update(_get_backends("networkx.backends"))
/gpfs/home5/scur2570/lpn-env/lib64/python3.9/site-packages/networkx/utils/backends.py:135: RuntimeWarning: networkx backend defined more than once: nx-loopback
  backends.update(_get_backends("networkx.backends"))
/gpfs/home5/scur2570/lpn-env/lib64/python3.9/site-packages/networkx/utils/backends.py:135: RuntimeWarning: networkx backend defined more than once: nx-loopback
  backends.update(_get_backends("networkx.backends"))
/gpfs/home5/scur2570/lpn-env/lib64/python3.9/site-packages/networkx/utils/backends.py:135: RuntimeWarning: networkx backend defined more than once: nx-loopback
  backends.update(_get_backends("networkx.backends"))
/gpfs/home5/scur2570/lpn-env/lib64/python3.9/site-packages/networkx/utils/backends.py:135: RuntimeWarning: networkx backend defined more than once: nx-loopback
  backends.update(_get_backends("networkx.backends"))
/gpfs/home5/scur2570/lpn-env/lib64/python3.9/site-packages/networkx/utils/backends.py:135: RuntimeWarning: networkx backend defined more than once: nx-loopback
  backends.update(_get_backends("networkx.backends"))
/gpfs/home5/scur2570/lpn-env/lib64/python3.9/site-packages/networkx/utils/backends.py:135: RuntimeWarning: networkx backend defined more than once: nx-loopback
  backends.update(_get_backends("networkx.backends"))
/gpfs/home5/scur2570/lpn-env/lib64/python3.9/site-packages/networkx/utils/backends.py:135: RuntimeWarning: networkx backend defined more than once: nx-loopback
  backends.update(_get_backends("networkx.backends"))
/gpfs/home5/scur2570/lpn-env/lib64/python3.9/site-packages/networkx/utils/backends.py:135: RuntimeWarning: networkx backend defined more than once: nx-loopback
  backends.update(_get_backends("networkx.backends"))
/gpfs/home5/scur2570/lpn-env/lib64/python3.9/site-packages/networkx/utils/backends.py:135: RuntimeWarning: networkx backend defined more than once: nx-loopback
  backends.update(_get_backends("networkx.backends"))
/gpfs/home5/scur2570/lpn-env/lib64/python3.9/site-packages/networkx/utils/backends.py:135: RuntimeWarning: networkx backend defined more than once: nx-loopback
  backends.update(_get_backends("networkx.backends"))
/gpfs/home5/scur2570/lpn-env/lib64/python3.9/site-packages/networkx/utils/backends.py:135: RuntimeWarning: networkx backend defined more than once: nx-loopback
  backends.update(_get_backends("networkx.backends"))
/gpfs/home5/scur2570/lpn-env/lib64/python3.9/site-packages/networkx/utils/backends.py:135: RuntimeWarning: networkx backend defined more than once: nx-loopback
  backends.update(_get_backends("networkx.backends"))
/gpfs/home5/scur2570/lpn-env/lib64/python3.9/site-packages/networkx/utils/backends.py:135: RuntimeWarning: networkx backend defined more than once: nx-loopback
  backends.update(_get_backends("networkx.backends"))
/gpfs/home5/scur2570/lpn-env/lib64/python3.9/site-packages/networkx/utils/backends.py:135: RuntimeWarning: networkx backend defined more than once: nx-loopback
  backends.update(_get_backends("networkx.backends"))
/gpfs/home5/scur2570/lpn-env/lib64/python3.9/site-packages/networkx/utils/backends.py:135: RuntimeWarning: networkx backend defined more than once: nx-loopback
  backends.update(_get_backends("networkx.backends"))
/gpfs/home5/scur2570/lpn-env/lib64/python3.9/site-packages/networkx/utils/backends.py:135: RuntimeWarning: networkx backend defined more than once: nx-loopback
  backends.update(_get_backends("networkx.backends"))
/gpfs/home5/scur2570/lpn-env/lib64/python3.9/site-packages/networkx/utils/backends.py:135: RuntimeWarning: networkx backend defined more than once: nx-loopback
  backends.update(_get_backends("networkx.backends"))
/gpfs/home5/scur2570/lpn-env/lib64/python3.9/site-packages/networkx/utils/backends.py:135: RuntimeWarning: networkx backend defined more than once: nx-loopback
  backends.update(_get_backends("networkx.backends"))
/gpfs/home5/scur2570/lpn-env/lib64/python3.9/site-packages/networkx/utils/backends.py:135: RuntimeWarning: networkx backend defined more than once: nx-loopback
  backends.update(_get_backends("networkx.backends"))
/var/spool/slurm/slurmd/job11167076/slurm_script: line 22: 599186 Killed                  python src/train.py --config-name arc_train
slurmstepd: error: Detected 1 oom_kill event in StepId=11167076.batch. Some of the step tasks have been OOM Killed.

JOB STATISTICS
==============
Job ID: 11167076
Cluster: snellius
User/Group: scur2570/scur2570
State: OUT_OF_MEMORY (exit code 0)
Nodes: 1
Cores per node: 18
CPU Utilized: 00:04:25
CPU Efficiency: 1.79% of 04:06:36 core-walltime
Job Wall-clock time: 00:13:42
Memory Utilized: 103.91 GB
Memory Efficiency: 86.60% of 120.00 GB (120.00 GB/node)
