============================================================================================== 
Warning! Mixing Conda and module environments may lead to corruption of the
user environment. 
We do not recommend users mixing those two environments unless absolutely
necessary. Note that 
SURF does not provide any support for Conda environment.
For more information, please refer to our software policy page:
https://servicedesk.surf.nl/wiki/display/WIKI/Software+policy+Snellius#SoftwarepolicySnellius-UseofAnacondaandMinicondaenvironmentsonSnellius 

Remember that many packages have already been installed on the system and can
be loaded using 
the 'module load <package__name>' command. If you are uncertain if a package is
already available 
on the system, please use 'module avail' or 'module spider' to search for it.
============================================================================================== 
Traceback (most recent call last):
  File "/gpfs/home5/scur2570/lpn/src/train.py", line 40, in <module>
    from src.datasets.task_gen.dataloader import make_task_gen_dataloader, make_dataset
  File "/gpfs/home5/scur2570/lpn/src/datasets/task_gen/dataloader.py", line 6, in <module>
    from torch.utils.data import DataLoader
  File "/gpfs/home5/scur2570/lpn-env/lib64/python3.9/site-packages/torch/__init__.py", line 237, in <module>
    from torch._C import *  # noqa: F403
ImportError: libcudnn.so.8: cannot open shared object file: No such file or directory

JOB STATISTICS
==============
Job ID: 11161534
Cluster: snellius
User/Group: scur2570/scur2570
State: RUNNING
Nodes: 1
Cores per node: 18
CPU Utilized: 00:00:00
CPU Efficiency: 0.00% of 00:05:06 core-walltime
Job Wall-clock time: 00:00:17
Memory Utilized: 0.00 MB
Memory Efficiency: 0.00% of 120.00 GB (120.00 GB/node)
WARNING: Efficiency statistics can only be obtained after the job has ended as seff tool is based on the accounting database data.
