============================================================================================== 
Warning! Mixing Conda and module environments may lead to corruption of the
user environment. 
We do not recommend users mixing those two environments unless absolutely
necessary. Note that 
SURF does not provide any support for Conda environment.
For more information, please refer to our software policy page:
https://servicedesk.surf.nl/wiki/display/WIKI/Software+policy+Snellius#SoftwarepolicySnellius-UseofAnacondaandMinicondaenvironmentsonSnellius 

Remember that many packages have already been installed on the system and can
be loaded using 
the 'module load <package__name>' command. If you are uncertain if a package is
already available 
on the system, please use 'module avail' or 'module spider' to search for it.
============================================================================================== 
/var/spool/slurm/slurmd/job11224538/slurm_script: line 18: export: `=': not a valid identifier
/gpfs/home5/scur2570/lpn-env/lib64/python3.9/site-packages/networkx/utils/backends.py:135: RuntimeWarning: networkx backend defined more than once: nx-loopback
  backends.update(_get_backends("networkx.backends"))
wandb: Currently logged in as: alisia-baielli. Use `wandb login --relogin` to force relogin
wandb: wandb version 0.19.9 is available!  To upgrade, please run:
wandb:  $ pip install wandb --upgrade
wandb: Tracking run with wandb version 0.17.3
wandb: Run data is saved locally in /gpfs/home5/scur2570/lpn/wandb/run-20250416_193819-bs9iv8mt
wandb: Run `wandb offline` to turn off syncing.
wandb: Syncing run polished-dust-2
wandb: ⭐️ View project at https://wandb.ai/alisia-baielli/lpn-src
wandb: 🚀 View run at https://wandb.ai/alisia-baielli/lpn-src/runs/bs9iv8mt
wandb: - 0.047 MB of 0.050 MB uploadedwandb: \ 0.047 MB of 0.050 MB uploadedwandb: | 0.050 MB of 0.050 MB uploadedwandb:                                                                                
wandb: 🚀 View run polished-dust-2 at: https://wandb.ai/alisia-baielli/lpn-src/runs/bs9iv8mt
wandb: ⭐️ View project at: https://wandb.ai/alisia-baielli/lpn-src
wandb: Synced 5 W&B file(s), 0 media file(s), 0 artifact file(s) and 1 other file(s)
wandb: Find logs at: ./wandb/run-20250416_193819-bs9iv8mt/logs
wandb: WARNING The new W&B backend becomes opt-out in version 0.18.0; try it out with `wandb.require("core")`! See https://wandb.me/wandb-core for more information.
wandb:   1 of 1 files downloaded.  
2025-04-16 19:38:26.753832: W external/xla/xla/service/gpu/nvptx_compiler.cc:765] The NVIDIA driver's CUDA version is 12.7 which is older than the ptxas CUDA version (12.8.93). Because the driver is older than the ptxas version, XLA is disabling parallel compilation, which may slow down compilation. You should update your NVIDIA driver or use the NVIDIA-provided CUDA forward compatibility packages.
INFO:absl:A polynomial schedule was set with a non-positive `transition_steps` value; this results in a constant schedule with value `init_value`.
Downloading the model artifact...
Instantiating the model and the train state...
Loading the model weights...
Inference mode: mean
Evaluating the model on arc-agi_training_challenges.json...
Traceback (most recent call last):
  File "/gpfs/home5/scur2570/lpn/src/evaluate_checkpoint.py", line 755, in <module>
    main(
  File "/gpfs/home5/scur2570/lpn/src/evaluate_checkpoint.py", line 485, in main
    metrics = evaluate_json(
  File "/gpfs/home5/scur2570/lpn/src/evaluate_checkpoint.py", line 341, in evaluate_json
    metrics, fig = Trainer.test_json_submission(
  File "/gpfs/home5/scur2570/lpn/src/train.py", line 572, in test_json_submission
    with open(json_challenges_file, "r") as f:
FileNotFoundError: [Errno 2] No such file or directory: 'src/datasets/src/datasets/json/arc-agi_training_challenges.json'

JOB STATISTICS
==============
Job ID: 11224538
Cluster: snellius
User/Group: scur2570/scur2570
State: RUNNING
Nodes: 1
Cores per node: 18
CPU Utilized: 00:00:00
CPU Efficiency: 0.00% of 00:14:24 core-walltime
Job Wall-clock time: 00:00:48
Memory Utilized: 0.00 MB
Memory Efficiency: 0.00% of 120.00 GB (120.00 GB/node)
WARNING: Efficiency statistics can only be obtained after the job has ended as seff tool is based on the accounting database data.
