============================================================================================== 
Warning! Mixing Conda and module environments may lead to corruption of the
user environment. 
We do not recommend users mixing those two environments unless absolutely
necessary. Note that 
SURF does not provide any support for Conda environment.
For more information, please refer to our software policy page:
https://servicedesk.surf.nl/wiki/display/WIKI/Software+policy+Snellius#SoftwarepolicySnellius-UseofAnacondaandMinicondaenvironmentsonSnellius 

Remember that many packages have already been installed on the system and can
be loaded using 
the 'module load <package__name>' command. If you are uncertain if a package is
already available 
on the system, please use 'module avail' or 'module spider' to search for it.
============================================================================================== 
/var/spool/slurm/slurmd/job11167020/slurm_script: line 18: export: `=': not a valid identifier
/gpfs/home5/scur2570/lpn-env/lib64/python3.9/site-packages/networkx/utils/backends.py:135: RuntimeWarning: networkx backend defined more than once: nx-loopback
  backends.update(_get_backends("networkx.backends"))
[2025-04-14 14:30:14,914][jax._src.xla_bridge][INFO] - Unable to initialize backend 'rocm': module 'jaxlib.xla_extension' has no attribute 'GpuAllocatorConfig'
[2025-04-14 14:30:14,917][jax._src.xla_bridge][INFO] - Unable to initialize backend 'tpu': INTERNAL: Failed to open libtpu.so: libtpu.so: cannot open shared object file: No such file or directory
[2025-04-14 14:30:14,932][root][INFO] - All devices available: [cuda(id=0)]
wandb: Currently logged in as: alisia-baielli. Use `wandb login --relogin` to force relogin
wandb: ERROR Error while calling W&B API: permission denied (<Response [403]>)
Error executing job with overrides: []
Traceback (most recent call last):
  File "/gpfs/home5/scur2570/lpn/src/train.py", line 819, in run
    wandb.init(
  File "/gpfs/home5/scur2570/lpn-env/lib64/python3.9/site-packages/wandb/sdk/wandb_init.py", line 1185, in init
    wandb._sentry.reraise(e)
  File "/gpfs/home5/scur2570/lpn-env/lib64/python3.9/site-packages/wandb/analytics/sentry.py", line 155, in reraise
    raise exc.with_traceback(sys.exc_info()[2])
  File "/gpfs/home5/scur2570/lpn-env/lib64/python3.9/site-packages/wandb/sdk/wandb_init.py", line 1171, in init
    return wi.init()
  File "/gpfs/home5/scur2570/lpn-env/lib64/python3.9/site-packages/wandb/sdk/wandb_init.py", line 776, in init
    raise error
wandb.errors.CommError: It appears that you do not have permission to access the requested resource. Please reach out to the project owner to grant you access. If you have the correct permissions, verify that there are no issues with your networking setup.(Error 403: Forbidden)

Set the environment variable HYDRA_FULL_ERROR=1 for a complete stack trace.

JOB STATISTICS
==============
Job ID: 11167020
Cluster: snellius
User/Group: scur2570/scur2570
State: FAILED (exit code 1)
Nodes: 1
Cores per node: 18
CPU Utilized: 00:00:12
CPU Efficiency: 1.75% of 00:11:24 core-walltime
Job Wall-clock time: 00:00:38
Memory Utilized: 1.64 MB
Memory Efficiency: 0.00% of 120.00 GB (120.00 GB/node)
