============================================================================================== 
Warning! Mixing Conda and module environments may lead to corruption of the
user environment. 
We do not recommend users mixing those two environments unless absolutely
necessary. Note that 
SURF does not provide any support for Conda environment.
For more information, please refer to our software policy page:
https://servicedesk.surf.nl/wiki/display/WIKI/Software+policy+Snellius#SoftwarepolicySnellius-UseofAnacondaandMinicondaenvironmentsonSnellius 

Remember that many packages have already been installed on the system and can
be loaded using 
the 'module load <package__name>' command. If you are uncertain if a package is
already available 
on the system, please use 'module avail' or 'module spider' to search for it.
============================================================================================== 
Collecting torch==2.4.1
  Downloading torch-2.4.1-cp39-cp39-manylinux1_x86_64.whl.metadata (26 kB)
Requirement already satisfied: filelock in /gpfs/home5/scur2570/lpn-env/lib/python3.9/site-packages (from torch==2.4.1) (3.18.0)
Requirement already satisfied: typing-extensions>=4.8.0 in /gpfs/home5/scur2570/lpn-env/lib/python3.9/site-packages (from torch==2.4.1) (4.13.1)
Requirement already satisfied: sympy in /gpfs/home5/scur2570/lpn-env/lib/python3.9/site-packages (from torch==2.4.1) (1.13.3)
Requirement already satisfied: networkx in /gpfs/home5/scur2570/lpn-env/lib/python3.9/site-packages (from torch==2.4.1) (3.2.1)
Requirement already satisfied: jinja2 in /gpfs/home5/scur2570/lpn-env/lib/python3.9/site-packages (from torch==2.4.1) (3.1.6)
Requirement already satisfied: fsspec in /gpfs/home5/scur2570/lpn-env/lib/python3.9/site-packages (from torch==2.4.1) (2025.3.2)
Requirement already satisfied: nvidia-cuda-nvrtc-cu12==12.1.105 in /gpfs/home5/scur2570/lpn-env/lib/python3.9/site-packages (from torch==2.4.1) (12.1.105)
Requirement already satisfied: nvidia-cuda-runtime-cu12==12.1.105 in /gpfs/home5/scur2570/lpn-env/lib/python3.9/site-packages (from torch==2.4.1) (12.1.105)
Requirement already satisfied: nvidia-cuda-cupti-cu12==12.1.105 in /gpfs/home5/scur2570/lpn-env/lib/python3.9/site-packages (from torch==2.4.1) (12.1.105)
Collecting nvidia-cudnn-cu12==9.1.0.70 (from torch==2.4.1)
  Downloading nvidia_cudnn_cu12-9.1.0.70-py3-none-manylinux2014_x86_64.whl.metadata (1.6 kB)
Requirement already satisfied: nvidia-cublas-cu12==12.1.3.1 in /gpfs/home5/scur2570/lpn-env/lib/python3.9/site-packages (from torch==2.4.1) (12.1.3.1)
Requirement already satisfied: nvidia-cufft-cu12==11.0.2.54 in /gpfs/home5/scur2570/lpn-env/lib/python3.9/site-packages (from torch==2.4.1) (11.0.2.54)
Requirement already satisfied: nvidia-curand-cu12==10.3.2.106 in /gpfs/home5/scur2570/lpn-env/lib/python3.9/site-packages (from torch==2.4.1) (10.3.2.106)
Requirement already satisfied: nvidia-cusolver-cu12==11.4.5.107 in /gpfs/home5/scur2570/lpn-env/lib/python3.9/site-packages (from torch==2.4.1) (11.4.5.107)
Requirement already satisfied: nvidia-cusparse-cu12==12.1.0.106 in /gpfs/home5/scur2570/lpn-env/lib/python3.9/site-packages (from torch==2.4.1) (12.1.0.106)
Collecting nvidia-nccl-cu12==2.20.5 (from torch==2.4.1)
  Downloading nvidia_nccl_cu12-2.20.5-py3-none-manylinux2014_x86_64.whl.metadata (1.8 kB)
Requirement already satisfied: nvidia-nvtx-cu12==12.1.105 in /gpfs/home5/scur2570/lpn-env/lib/python3.9/site-packages (from torch==2.4.1) (12.1.105)
Collecting triton==3.0.0 (from torch==2.4.1)
  Downloading triton-3.0.0-1-cp39-cp39-manylinux2014_x86_64.manylinux_2_17_x86_64.whl.metadata (1.3 kB)
Requirement already satisfied: nvidia-nvjitlink-cu12 in /gpfs/home5/scur2570/lpn-env/lib/python3.9/site-packages (from nvidia-cusolver-cu12==11.4.5.107->torch==2.4.1) (12.8.93)
Requirement already satisfied: MarkupSafe>=2.0 in /gpfs/home5/scur2570/lpn-env/lib/python3.9/site-packages (from jinja2->torch==2.4.1) (3.0.2)
Requirement already satisfied: mpmath<1.4,>=1.1.0 in /gpfs/home5/scur2570/lpn-env/lib/python3.9/site-packages (from sympy->torch==2.4.1) (1.3.0)
Downloading torch-2.4.1-cp39-cp39-manylinux1_x86_64.whl (797.1 MB)
   ━━━━━━━━━━━━━━━━━━━━━━━━━━━━━━━━━━━━━━━ 797.1/797.1 MB 101.6 MB/s eta 0:00:00
Downloading nvidia_cudnn_cu12-9.1.0.70-py3-none-manylinux2014_x86_64.whl (664.8 MB)
   ━━━━━━━━━━━━━━━━━━━━━━━━━━━━━━━━━━━━━━━━ 664.8/664.8 MB 70.9 MB/s eta 0:00:00
Downloading nvidia_nccl_cu12-2.20.5-py3-none-manylinux2014_x86_64.whl (176.2 MB)
   ━━━━━━━━━━━━━━━━━━━━━━━━━━━━━━━━━━━━━━━ 176.2/176.2 MB 168.6 MB/s eta 0:00:00
Downloading triton-3.0.0-1-cp39-cp39-manylinux2014_x86_64.manylinux_2_17_x86_64.whl (209.4 MB)
   ━━━━━━━━━━━━━━━━━━━━━━━━━━━━━━━━━━━━━━━━ 209.4/209.4 MB 10.7 MB/s eta 0:00:00
Installing collected packages: triton, nvidia-nccl-cu12, nvidia-cudnn-cu12, torch
  Attempting uninstall: triton
    Found existing installation: triton 2.2.0
    Uninstalling triton-2.2.0:
      Successfully uninstalled triton-2.2.0
  Attempting uninstall: nvidia-nccl-cu12
    Found existing installation: nvidia-nccl-cu12 2.19.3
    Uninstalling nvidia-nccl-cu12-2.19.3:
      Successfully uninstalled nvidia-nccl-cu12-2.19.3
  Attempting uninstall: nvidia-cudnn-cu12
    Found existing installation: nvidia-cudnn-cu12 9.8.0.87
    Uninstalling nvidia-cudnn-cu12-9.8.0.87:
      Successfully uninstalled nvidia-cudnn-cu12-9.8.0.87
  Attempting uninstall: torch
    Found existing installation: torch 2.2.2
    Uninstalling torch-2.2.2:
      Successfully uninstalled torch-2.2.2
Successfully installed nvidia-cudnn-cu12-9.1.0.70 nvidia-nccl-cu12-2.20.5 torch-2.4.1 triton-3.0.0
/gpfs/home5/scur2570/lpn-env/lib64/python3.9/site-packages/networkx/utils/backends.py:135: RuntimeWarning: networkx backend defined more than once: nx-loopback
  backends.update(_get_backends("networkx.backends"))
Traceback (most recent call last):
  File "/gpfs/home5/scur2570/lpn/src/train.py", line 41, in <module>
    from src.datasets.task_gen.dataloader import make_task_gen_dataloader, make_dataset
  File "/gpfs/home5/scur2570/lpn/src/datasets/task_gen/dataloader.py", line 11, in <module>
    from src.datasets.task_gen.task_generator import PatternTaskGenerator, ArcTrainTaskGenerator
  File "/gpfs/home5/scur2570/lpn/src/datasets/task_gen/task_generator.py", line 10, in <module>
    from src.datasets.task_gen.utils import is_grid, run_with_timeout
  File "/gpfs/home5/scur2570/lpn/src/datasets/task_gen/utils.py", line 4, in <module>
    from typing import Any, Optional, Tuple, Callable, TypeVar, TypeAlias
ImportError: cannot import name 'TypeAlias' from 'typing' (/usr/lib64/python3.9/typing.py)

JOB STATISTICS
==============
Job ID: 11162048
Cluster: snellius
User/Group: scur2570/scur2570
State: RUNNING
Nodes: 1
Cores per node: 18
CPU Utilized: 00:00:00
CPU Efficiency: 0.00% of 01:09:18 core-walltime
Job Wall-clock time: 00:03:51
Memory Utilized: 0.00 MB
Memory Efficiency: 0.00% of 120.00 GB (120.00 GB/node)
WARNING: Efficiency statistics can only be obtained after the job has ended as seff tool is based on the accounting database data.
